nohup: ignoring input
8 PDF(s) | threads=12 | pages=all
[start] asianpaints_fy26.pdf
Loading weights:   0%|          | 0/770 [00:00<?, ?it/s]Loading weights:  69%|██████▉   | 534/770 [00:00<00:00, 5336.01it/s]Loading weights: 100%|██████████| 770/770 [00:00<00:00, 4371.86it/s]
2026-10-05 01:25:01,485 MatchingPostProcessor WARNING  1 of 138 pdf cells matched neither a row nor a column band of the 4x2 grid and were dropped from the table
2026-10-05 01:29:37,125 MatchingPostProcessor WARNING  5 of 497 pdf cells matched neither a row nor a column band of the 103x12 grid and were dropped from the table
2026-10-05 01:29:50,793 MatchingPostProcessor WARNING  1 of 113 pdf cells matched neither a row nor a column band of the 3x4 grid and were dropped from the table
2026-10-05 01:30:59,847 MatchingPostProcessor WARNING  1 of 276 pdf cells matched neither a row nor a column band of the 15x9 grid and were dropped from the table
2026-10-05 01:32:05,176 MatchingPostProcessor WARNING  2 of 235 pdf cells matched neither a row nor a column band of the 26x8 grid and were dropped from the table
2026-10-05 01:32:19,568 MatchingPostProcessor WARNING  1 of 276 pdf cells matched neither a row nor a column band of the 19x4 grid and were dropped from the table
2026-10-05 01:32:54,729 MatchingPostProcessor WARNING  2 of 474 pdf cells matched neither a row nor a column band of the 17x10 grid and were dropped from the table
2026-10-05 01:32:57,442 MatchingPostProcessor WARNING  2 of 366 pdf cells matched neither a row nor a column band of the 6x10 grid and were dropped from the table
2026-10-05 01:33:41,545 MatchingPostProcessor WARNING  1 of 71 pdf cells matched neither a row nor a column band of the 10x7 grid and were dropped from the table
2026-10-05 01:34:34,384 MatchingPostProcessor WARNING  1 of 10 pdf cells matched neither a row nor a column band of the 3x3 grid and were dropped from the table
2026-10-05 01:35:35,589 MatchingPostProcessor WARNING  137 of 137 pdf cells matched neither a row nor a column band of the 12x6 grid and were dropped from the table
2026-10-05 01:35:57,203 MatchingPostProcessor WARNING  2 of 331 pdf cells matched neither a row nor a column band of the 40x7 grid and were dropped from the table
2026-10-05 01:36:40,740 MatchingPostProcessor WARNING  1 of 112 pdf cells matched neither a row nor a column band of the 11x9 grid and were dropped from the table
2026-10-05 01:38:28,519 MatchingPostProcessor WARNING  2 of 158 pdf cells matched neither a row nor a column band of the 17x7 grid and were dropped from the table
2026-10-05 01:39:19,371 MatchingPostProcessor WARNING  1 of 25 pdf cells matched neither a row nor a column band of the 3x5 grid and were dropped from the table
2026-10-05 01:39:56,353 MatchingPostProcessor WARNING  2 of 173 pdf cells matched neither a row nor a column band of the 8x3 grid and were dropped from the table
2026-10-05 01:41:15,442 MatchingPostProcessor WARNING  1 of 84 pdf cells matched neither a row nor a column band of the 9x8 grid and were dropped from the table
2026-10-05 01:42:25,265 MatchingPostProcessor WARNING  14 of 646 pdf cells matched neither a row nor a column band of the 7x26 grid and were dropped from the table
2026-10-05 01:42:30,490 MatchingPostProcessor WARNING  3 of 724 pdf cells matched neither a row nor a column band of the 6x23 grid and were dropped from the table
2026-10-05 01:42:52,556 MatchingPostProcessor WARNING  1 of 160 pdf cells matched neither a row nor a column band of the 13x9 grid and were dropped from the table
2026-10-05 01:43:45,941 MatchingPostProcessor WARNING  1 of 151 pdf cells matched neither a row nor a column band of the 16x5 grid and were dropped from the table
2026-10-05 01:44:30,144 MatchingPostProcessor WARNING  1 of 105 pdf cells matched neither a row nor a column band of the 362x23 grid and were dropped from the table
2026-10-05 01:45:30,260 MatchingPostProcessor WARNING  2 of 348 pdf cells matched neither a row nor a column band of the 24x9 grid and were dropped from the table
2026-10-05 01:46:05,160 MatchingPostProcessor WARNING  2 of 158 pdf cells matched neither a row nor a column band of the 17x7 grid and were dropped from the table
[done] asianpaints_fy26.pdf: 293 pages, 536 tables, 1676.2s (5.72 s/page)
[start] eternal_fy26.pdf
2026-10-05 01:55:48,121 MatchingPostProcessor WARNING  198 of 402 pdf cells matched neither a row nor a column band of the 2x1023 grid and were dropped from the table
2026-10-05 01:56:34,021 MatchingPostProcessor WARNING  1 of 476 pdf cells matched neither a row nor a column band of the 14x25 grid and were dropped from the table
2026-10-05 02:00:10,143 MatchingPostProcessor WARNING  3 of 205 pdf cells matched neither a row nor a column band of the 286x4 grid and were dropped from the table
2026-10-05 02:02:12,554 MatchingPostProcessor WARNING  34 of 61 pdf cells matched neither a row nor a column band of the 2x2 grid and were dropped from the table
2026-10-05 02:05:10,630 MatchingPostProcessor WARNING  1 of 291 pdf cells matched neither a row nor a column band of the 37x4 grid and were dropped from the table
2026-10-05 02:09:29,724 MatchingPostProcessor WARNING  7 of 292 pdf cells matched neither a row nor a column band of the 11x14 grid and were dropped from the table
2026-10-05 02:13:58,148 MatchingPostProcessor WARNING  2 of 85 pdf cells matched neither a row nor a column band of the 7x14 grid and were dropped from the table
[done] eternal_fy26.pdf: 409 pages, 396 tables, 1388.5s (3.39 s/page)
[start] hdfcbank_fy26.pdf
2026-10-05 02:14:57,795 MatchingPostProcessor WARNING  1 of 50 pdf cells matched neither a row nor a column band of the 7x8 grid and were dropped from the table
2026-10-05 02:15:47,677 MatchingPostProcessor WARNING  1 of 93 pdf cells matched neither a row nor a column band of the 3x3 grid and were dropped from the table
2026-10-05 02:24:04,097 MatchingPostProcessor WARNING  1 of 121 pdf cells matched neither a row nor a column band of the 4x8 grid and were dropped from the table
2026-10-05 02:28:17,309 MatchingPostProcessor WARNING  1 of 93 pdf cells matched neither a row nor a column band of the 16x6 grid and were dropped from the table
2026-10-05 02:31:41,504 MatchingPostProcessor WARNING  3 of 121 pdf cells matched neither a row nor a column band of the 10x9 grid and were dropped from the table
2026-10-05 02:31:45,166 MatchingPostProcessor WARNING  2 of 123 pdf cells matched neither a row nor a column band of the 10x9 grid and were dropped from the table
2026-10-05 02:32:57,712 MatchingPostProcessor WARNING  1 of 142 pdf cells matched neither a row nor a column band of the 15x5 grid and were dropped from the table
2026-10-05 02:33:16,005 MatchingPostProcessor WARNING  2 of 319 pdf cells matched neither a row nor a column band of the 27x7 grid and were dropped from the table
2026-10-05 02:33:36,628 MatchingPostProcessor WARNING  2 of 30 pdf cells matched neither a row nor a column band of the 3x4 grid and were dropped from the table
2026-10-05 02:35:43,889 MatchingPostProcessor WARNING  3 of 164 pdf cells matched neither a row nor a column band of the 27x6 grid and were dropped from the table
2026-10-05 02:36:13,787 MatchingPostProcessor WARNING  1 of 39 pdf cells matched neither a row nor a column band of the 5x3 grid and were dropped from the table
2026-10-05 02:39:05,597 MatchingPostProcessor WARNING  4 of 163 pdf cells matched neither a row nor a column band of the 20x5 grid and were dropped from the table
2026-10-05 02:39:19,661 MatchingPostProcessor WARNING  2 of 312 pdf cells matched neither a row nor a column band of the 26x4 grid and were dropped from the table
[done] hdfcbank_fy26.pdf: 629 pages, 490 tables, 1724.8s (2.74 s/page)
[start] icicibank_fy26.pdf
2026-10-05 02:54:12,840 MatchingPostProcessor WARNING  21 of 172 pdf cells matched neither a row nor a column band of the 9x17 grid and were dropped from the table
2026-10-05 02:57:15,925 MatchingPostProcessor WARNING  1 of 171 pdf cells matched neither a row nor a column band of the 8x6 grid and were dropped from the table
[done] icicibank_fy26.pdf: 349 pages, 313 tables, 980.4s (2.81 s/page)
[start] infosys_fy26.pdf
2026-10-05 03:10:05,624 MatchingPostProcessor WARNING  12 of 236 pdf cells matched neither a row nor a column band of the 2x2 grid and were dropped from the table
2026-10-05 03:11:27,576 MatchingPostProcessor WARNING  1 of 92 pdf cells matched neither a row nor a column band of the 9x11 grid and were dropped from the table
2026-10-05 03:15:49,382 MatchingPostProcessor WARNING  2 of 44 pdf cells matched neither a row nor a column band of the 9x3 grid and were dropped from the table
2026-10-05 03:16:02,768 MatchingPostProcessor WARNING  2 of 23 pdf cells matched neither a row nor a column band of the 4x3 grid and were dropped from the table
2026-10-05 03:16:49,375 MatchingPostProcessor WARNING  1 of 30 pdf cells matched neither a row nor a column band of the 5x3 grid and were dropped from the table
2026-10-05 03:17:10,928 MatchingPostProcessor WARNING  1 of 203 pdf cells matched neither a row nor a column band of the 27x5 grid and were dropped from the table
2026-10-05 03:17:16,154 MatchingPostProcessor WARNING  2 of 50 pdf cells matched neither a row nor a column band of the 7x5 grid and were dropped from the table
2026-10-05 03:17:17,831 MatchingPostProcessor WARNING  2 of 64 pdf cells matched neither a row nor a column band of the 7x5 grid and were dropped from the table
2026-10-05 03:17:19,187 MatchingPostProcessor WARNING  6 of 55 pdf cells matched neither a row nor a column band of the 6x5 grid and were dropped from the table
2026-10-05 03:17:22,543 MatchingPostProcessor WARNING  1 of 31 pdf cells matched neither a row nor a column band of the 8x3 grid and were dropped from the table
2026-10-05 03:19:02,335 MatchingPostProcessor WARNING  2 of 40 pdf cells matched neither a row nor a column band of the 5x3 grid and were dropped from the table
2026-10-05 03:20:48,912 MatchingPostProcessor WARNING  1 of 38 pdf cells matched neither a row nor a column band of the 8x3 grid and were dropped from the table
2026-10-05 03:20:52,336 MatchingPostProcessor WARNING  2 of 47 pdf cells matched neither a row nor a column band of the 7x6 grid and were dropped from the table
2026-10-05 03:21:57,124 MatchingPostProcessor WARNING  2 of 173 pdf cells matched neither a row nor a column band of the 21x5 grid and were dropped from the table
2026-10-05 03:23:44,846 MatchingPostProcessor WARNING  1 of 148 pdf cells matched neither a row nor a column band of the 20x5 grid and were dropped from the table
2026-10-05 03:23:48,449 MatchingPostProcessor WARNING  2 of 50 pdf cells matched neither a row nor a column band of the 7x5 grid and were dropped from the table
2026-10-05 03:23:51,287 MatchingPostProcessor WARNING  3 of 56 pdf cells matched neither a row nor a column band of the 6x5 grid and were dropped from the table
2026-10-05 03:23:52,595 MatchingPostProcessor WARNING  2 of 53 pdf cells matched neither a row nor a column band of the 5x5 grid and were dropped from the table
2026-10-05 03:23:54,960 MatchingPostProcessor WARNING  1 of 29 pdf cells matched neither a row nor a column band of the 8x3 grid and were dropped from the table
[done] infosys_fy26.pdf: 383 pages, 490 tables, 1463.7s (3.82 s/page)
[start] itc_fy26.pdf
2026-10-05 03:33:57,420 MatchingPostProcessor WARNING  1 of 99 pdf cells matched neither a row nor a column band of the 6x11 grid and were dropped from the table
2026-10-05 03:34:00,536 MatchingPostProcessor WARNING  1 of 99 pdf cells matched neither a row nor a column band of the 7x11 grid and were dropped from the table
2026-10-05 03:36:24,412 MatchingPostProcessor WARNING  1 of 186 pdf cells matched neither a row nor a column band of the 14x8 grid and were dropped from the table
2026-10-05 03:36:36,950 MatchingPostProcessor WARNING  1 of 190 pdf cells matched neither a row nor a column band of the 14x8 grid and were dropped from the table
2026-10-05 03:37:13,789 MatchingPostProcessor WARNING  1 of 207 pdf cells matched neither a row nor a column band of the 17x8 grid and were dropped from the table
2026-10-05 03:38:27,423 MatchingPostProcessor WARNING  13 of 455 pdf cells matched neither a row nor a column band of the 97x10 grid and were dropped from the table
2026-10-05 03:40:04,140 MatchingPostProcessor WARNING  1 of 149 pdf cells matched neither a row nor a column band of the 12x3 grid and were dropped from the table
2026-10-05 03:42:07,145 MatchingPostProcessor WARNING  1 of 106 pdf cells matched neither a row nor a column band of the 6x11 grid and were dropped from the table
2026-10-05 03:42:26,309 MatchingPostProcessor WARNING  2 of 77 pdf cells matched neither a row nor a column band of the 5x9 grid and were dropped from the table
2026-10-05 03:46:02,908 MatchingPostProcessor WARNING  1 of 226 pdf cells matched neither a row nor a column band of the 28x4 grid and were dropped from the table
2026-10-05 03:46:38,611 MatchingPostProcessor WARNING  7 of 32 pdf cells matched neither a row nor a column band of the 4x3 grid and were dropped from the table
2026-10-05 03:47:23,355 MatchingPostProcessor WARNING  5 of 34 pdf cells matched neither a row nor a column band of the 5x3 grid and were dropped from the table
2026-10-05 03:47:59,817 MatchingPostProcessor WARNING  2 of 154 pdf cells matched neither a row nor a column band of the 29x5 grid and were dropped from the table
[done] itc_fy26.pdf: 404 pages, 364 tables, 1547.0s (3.83 s/page)
[start] nykaa_fy26.pdf
2026-10-05 03:58:59,391 MatchingPostProcessor WARNING  1 of 349 pdf cells matched neither a row nor a column band of the 2x11 grid and were dropped from the table
2026-10-05 04:00:00,177 MatchingPostProcessor WARNING  3 of 97 pdf cells matched neither a row nor a column band of the 80x12 grid and were dropped from the table
2026-10-05 04:00:36,254 MatchingPostProcessor WARNING  1 of 115 pdf cells matched neither a row nor a column band of the 11x4 grid and were dropped from the table
2026-10-05 04:02:34,888 MatchingPostProcessor WARNING  3 of 87 pdf cells matched neither a row nor a column band of the 3x3 grid and were dropped from the table
2026-10-05 04:06:05,490 MatchingPostProcessor WARNING  35 of 195 pdf cells matched neither a row nor a column band of the 3x4 grid and were dropped from the table
2026-10-05 04:06:07,143 MatchingPostProcessor WARNING  18 of 87 pdf cells matched neither a row nor a column band of the 2x3 grid and were dropped from the table
2026-10-05 04:07:57,484 MatchingPostProcessor WARNING  5 of 262 pdf cells matched neither a row nor a column band of the 41x4 grid and were dropped from the table
2026-10-05 04:09:42,461 MatchingPostProcessor WARNING  2 of 180 pdf cells matched neither a row nor a column band of the 26x6 grid and were dropped from the table
[done] nykaa_fy26.pdf: 368 pages, 405 tables, 1103.8s (3.00 s/page)
[start] titan_fy26.pdf
2026-10-05 04:17:13,330 MatchingPostProcessor WARNING  8 of 242 pdf cells matched neither a row nor a column band of the 4x10 grid and were dropped from the table
2026-10-05 04:20:27,578 MatchingPostProcessor WARNING  2 of 147 pdf cells matched neither a row nor a column band of the 13x5 grid and were dropped from the table
2026-10-05 04:21:03,428 MatchingPostProcessor WARNING  5 of 37 pdf cells matched neither a row nor a column band of the 2x6 grid and were dropped from the table
2026-10-05 04:23:16,500 MatchingPostProcessor WARNING  2 of 143 pdf cells matched neither a row nor a column band of the 11x9 grid and were dropped from the table
2026-10-05 04:23:19,822 MatchingPostProcessor WARNING  1 of 143 pdf cells matched neither a row nor a column band of the 11x8 grid and were dropped from the table
2026-10-05 04:24:07,277 MatchingPostProcessor WARNING  2 of 53 pdf cells matched neither a row nor a column band of the 12x3 grid and were dropped from the table
2026-10-05 04:24:16,055 MatchingPostProcessor WARNING  3 of 93 pdf cells matched neither a row nor a column band of the 9x4 grid and were dropped from the table
2026-10-05 04:24:45,188 MatchingPostProcessor WARNING  2 of 38 pdf cells matched neither a row nor a column band of the 5x3 grid and were dropped from the table
2026-10-05 04:24:46,063 MatchingPostProcessor WARNING  2 of 38 pdf cells matched neither a row nor a column band of the 5x3 grid and were dropped from the table
2026-10-05 04:25:45,265 MatchingPostProcessor WARNING  1 of 95 pdf cells matched neither a row nor a column band of the 14x5 grid and were dropped from the table
2026-10-05 04:26:36,641 MatchingPostProcessor WARNING  2 of 245 pdf cells matched neither a row nor a column band of the 20x10 grid and were dropped from the table
2026-10-05 04:26:37,253 MatchingPostProcessor WARNING  8 of 35 pdf cells matched neither a row nor a column band of the 2x4 grid and were dropped from the table
2026-10-05 04:26:49,859 MatchingPostProcessor WARNING  2 of 346 pdf cells matched neither a row nor a column band of the 59x4 grid and were dropped from the table
2026-10-05 04:28:15,150 MatchingPostProcessor WARNING  1 of 321 pdf cells matched neither a row nor a column band of the 21x4 grid and were dropped from the table
2026-10-05 04:29:25,319 MatchingPostProcessor WARNING  6 of 25 pdf cells matched neither a row nor a column band of the 4x2 grid and were dropped from the table
2026-10-05 04:29:52,021 MatchingPostProcessor WARNING  2 of 114 pdf cells matched neither a row nor a column band of the 16x3 grid and were dropped from the table
2026-10-05 04:31:29,133 MatchingPostProcessor WARNING  4 of 59 pdf cells matched neither a row nor a column band of the 11x3 grid and were dropped from the table
2026-10-05 04:33:39,737 MatchingPostProcessor WARNING  1 of 260 pdf cells matched neither a row nor a column band of the 36x6 grid and were dropped from the table
/home/divyanshu/Desktop/internship/project_1/.venv/lib/python3.11/site-packages/docling_core/types/doc/document.py:326: UserWarning: Table cell bbox coordinate l on page 310 is outside page bounds: value=-48.508195117115974 < lo=0.0; clamping to 0.0
  cell.bbox = self._clamp_bbox_to_page(
/home/divyanshu/Desktop/internship/project_1/.venv/lib/python3.11/site-packages/docling_core/types/doc/document.py:326: UserWarning: Table cell bbox coordinate l on page 357 is outside page bounds: value=-23.937687397003174 < lo=0.0; clamping to 0.0
  cell.bbox = self._clamp_bbox_to_page(
[done] titan_fy26.pdf: 472 pages, 482 tables, 1408.8s (2.98 s/page)

=== summary ===
asianpaints_fy26.pdf         SUCCESS          pages= 293 tables= 536 time= 1676.2s
eternal_fy26.pdf             SUCCESS          pages= 409 tables= 396 time= 1388.5s
hdfcbank_fy26.pdf            SUCCESS          pages= 629 tables= 490 time= 1724.8s
icicibank_fy26.pdf           SUCCESS          pages= 349 tables= 313 time=  980.4s
infosys_fy26.pdf             SUCCESS          pages= 383 tables= 490 time= 1463.7s
itc_fy26.pdf                 SUCCESS          pages= 404 tables= 364 time= 1547.0s
nykaa_fy26.pdf               SUCCESS          pages= 368 tables= 405 time= 1103.8s
titan_fy26.pdf               SUCCESS          pages= 472 tables= 482 time= 1408.8s
